#! /c/Source/iverilog-install/bin/vvp
:ivl_version "12.0 (devel)" "(s20150603-1539-g2693dd32b)";
:ivl_delay_selection "TYPICAL";
:vpi_time_precision + 0;
:vpi_module "C:\iverilog\lib\ivl\system.vpi";
:vpi_module "C:\iverilog\lib\ivl\vhdl_sys.vpi";
:vpi_module "C:\iverilog\lib\ivl\vhdl_textio.vpi";
:vpi_module "C:\iverilog\lib\ivl\v2005_math.vpi";
:vpi_module "C:\iverilog\lib\ivl\va_math.vpi";
S_00000258a0722ce0 .scope module, "register_file" "register_file" 2 1;
 .timescale 0 0;
    .port_info 0 /INPUT 1 "clk";
    .port_info 1 /INPUT 5 "rs1_address";
    .port_info 2 /INPUT 5 "rs2_address";
    .port_info 3 /INPUT 5 "rd_address";
    .port_info 4 /INPUT 32 "rd_data";
    .port_info 5 /INPUT 1 "REGctrl";
    .port_info 6 /OUTPUT 32 "rs1_data";
    .port_info 7 /OUTPUT 32 "rs2_data";
o00000258a0756fd8 .functor BUFZ 1, C4<z>; HiZ drive
L_00000258a0722f80 .functor BUFZ 1, o00000258a0756fd8, C4<0>, C4<0>, C4<0>;
v00000258a0723360_0 .net "REGctrl", 0 0, o00000258a0756fd8;  0 drivers
v00000258a0723710_0 .net *"_ivl_10", 6 0, L_00000258a07a0250;  1 drivers
L_00000258a07a0d08 .functor BUFT 1, C4<00>, C4<0>, C4<0>, C4<0>;
v00000258a070ee90_0 .net *"_ivl_13", 1 0, L_00000258a07a0d08;  1 drivers
L_00000258a07a0d50 .functor BUFT 1, C4<0000001>, C4<0>, C4<0>, C4<0>;
v00000258a070ef30_0 .net/2u *"_ivl_14", 6 0, L_00000258a07a0d50;  1 drivers
v00000258a07a0070_0 .net *"_ivl_16", 6 0, L_00000258a07f9820;  1 drivers
L_00000258a07a0c78 .functor BUFT 1, C4<00000>, C4<0>, C4<0>, C4<0>;
v00000258a079fdf0_0 .net/2u *"_ivl_2", 4 0, L_00000258a07a0c78;  1 drivers
L_00000258a07a0d98 .functor BUFT 1, C4<00000>, C4<0>, C4<0>, C4<0>;
v00000258a079fd50_0 .net/2u *"_ivl_20", 4 0, L_00000258a07a0d98;  1 drivers
v00000258a079fcb0_0 .net *"_ivl_22", 0 0, L_00000258a07f9640;  1 drivers
L_00000258a07a0de0 .functor BUFT 1, C4<00000000000000000000000000000000>, C4<0>, C4<0>, C4<0>;
v00000258a07a0430_0 .net/2u *"_ivl_24", 31 0, L_00000258a07a0de0;  1 drivers
v00000258a07a07f0_0 .net *"_ivl_26", 31 0, L_00000258a07fab80;  1 drivers
v00000258a07a06b0_0 .net *"_ivl_28", 6 0, L_00000258a07f9780;  1 drivers
L_00000258a07a0e28 .functor BUFT 1, C4<00>, C4<0>, C4<0>, C4<0>;
v00000258a07a0110_0 .net *"_ivl_31", 1 0, L_00000258a07a0e28;  1 drivers
L_00000258a07a0e70 .functor BUFT 1, C4<0000001>, C4<0>, C4<0>, C4<0>;
v00000258a07a02f0_0 .net/2u *"_ivl_32", 6 0, L_00000258a07a0e70;  1 drivers
v00000258a079fe90_0 .net *"_ivl_34", 6 0, L_00000258a07f9280;  1 drivers
v00000258a07a0610_0 .net *"_ivl_4", 0 0, L_00000258a07a0b10;  1 drivers
L_00000258a07a0cc0 .functor BUFT 1, C4<00000000000000000000000000000000>, C4<0>, C4<0>, C4<0>;
v00000258a079ff30_0 .net/2u *"_ivl_6", 31 0, L_00000258a07a0cc0;  1 drivers
v00000258a07a0570_0 .net *"_ivl_8", 31 0, L_00000258a07a0bb0;  1 drivers
o00000258a0757308 .functor BUFZ 1, C4<z>; HiZ drive
v00000258a07a0750_0 .net "clk", 0 0, o00000258a0757308;  0 drivers
o00000258a0757338 .functor BUFZ 5, C4<zzzzz>; HiZ drive
v00000258a07a0890_0 .net "rd_address", 4 0, o00000258a0757338;  0 drivers
o00000258a0757368 .functor BUFZ 32, C4<zzzzzzzzzzzzzzzzzzzzzzzzzzzzzzzz>; HiZ drive
v00000258a07a0930_0 .net "rd_data", 31 0, o00000258a0757368;  0 drivers
v00000258a07a0a70 .array "register_file", 31 1, 31 0;
o00000258a0757398 .functor BUFZ 5, C4<zzzzz>; HiZ drive
v00000258a079ffd0_0 .net "rs1_address", 4 0, o00000258a0757398;  0 drivers
v00000258a07a01b0_0 .net "rs1_data", 31 0, L_00000258a07f9dc0;  1 drivers
o00000258a07573f8 .functor BUFZ 5, C4<zzzzz>; HiZ drive
v00000258a07a0390_0 .net "rs2_address", 4 0, o00000258a07573f8;  0 drivers
v00000258a07a04d0_0 .net "rs2_data", 31 0, L_00000258a07f8ec0;  1 drivers
v00000258a07a09d0_0 .net "write_en", 0 0, L_00000258a0722f80;  1 drivers
E_00000258a0745640 .event posedge, v00000258a07a0750_0;
L_00000258a07a0b10 .cmp/eq 5, o00000258a0757338, L_00000258a07a0c78;
L_00000258a07a0bb0 .array/port v00000258a07a0a70, L_00000258a07f9820;
L_00000258a07a0250 .concat [ 5 2 0 0], o00000258a0757398, L_00000258a07a0d08;
L_00000258a07f9820 .arith/sub 7, L_00000258a07a0250, L_00000258a07a0d50;
L_00000258a07f9dc0 .functor MUXZ 32, L_00000258a07a0bb0, L_00000258a07a0cc0, L_00000258a07a0b10, C4<>;
L_00000258a07f9640 .cmp/eq 5, o00000258a0757338, L_00000258a07a0d98;
L_00000258a07fab80 .array/port v00000258a07a0a70, L_00000258a07f9280;
L_00000258a07f9780 .concat [ 5 2 0 0], o00000258a07573f8, L_00000258a07a0e28;
L_00000258a07f9280 .arith/sub 7, L_00000258a07f9780, L_00000258a07a0e70;
L_00000258a07f8ec0 .functor MUXZ 32, L_00000258a07fab80, L_00000258a07a0de0, L_00000258a07f9640, C4<>;
    .scope S_00000258a0722ce0;
T_0 ;
    %wait E_00000258a0745640;
    %load/vec4 v00000258a07a09d0_0;
    %load/vec4 v00000258a07a0890_0;
    %pushi/vec4 0, 0, 5;
    %cmp/ne;
    %flag_get/vec4 4;
    %and;
    %flag_set/vec4 8;
    %jmp/0xz  T_0.0, 8;
    %load/vec4 v00000258a07a0930_0;
    %load/vec4 v00000258a07a0890_0;
    %pad/u 7;
    %subi 1, 0, 7;
    %ix/vec4 3;
    %ix/load 4, 0, 0; Constant delay
    %assign/vec4/a/d v00000258a07a0a70, 0, 4;
T_0.0 ;
    %jmp T_0;
    .thread T_0;
# The file index is used to find the file name in the following table.
:file_names 3;
    "N/A";
    "<interactive>";
    "C:\Users\P.Q\rtlenvironment\system\myriscv\rtl\core\sub\register_file.v";
